Archive member included to satisfy reference by file (symbol)

c:/program files (x86)/atmel/studio/7.0/toolchain/avr8/avr8-gnu-toolchain/bin/../lib/gcc/avr/5.4.0/avr5\libgcc.a(_exit.o)
                              C:/Program Files (x86)/Atmel/Studio/7.0/Packs/atmel/ATmega_DFP/1.2.209/gcc/dev/atmega32/avr5/crtatmega32.o (exit)
c:/program files (x86)/atmel/studio/7.0/toolchain/avr8/avr8-gnu-toolchain/bin/../lib/gcc/avr/5.4.0/avr5\libgcc.a(_copy_data.o)
                              app/Tasks.o (__do_copy_data)
c:/program files (x86)/atmel/studio/7.0/toolchain/avr8/avr8-gnu-toolchain/bin/../lib/gcc/avr/5.4.0/avr5\libgcc.a(_clear_bss.o)
                              app/Tasks.o (__do_clear_bss)
c:/program files (x86)/atmel/studio/7.0/toolchain/avr8/avr8-gnu-toolchain/bin/../lib/gcc/avr/5.4.0/../../../../avr/lib/avr5\libc.a(memcpy.o)
                              freeartos/queue.o (memcpy)
c:/program files (x86)/atmel/studio/7.0/toolchain/avr8/avr8-gnu-toolchain/bin/../lib/gcc/avr/5.4.0/../../../../avr/lib/avr5\libc.a(itoa_ncheck.o)
                              lcd/lcd.o (__itoa_ncheck)
c:/program files (x86)/atmel/studio/7.0/toolchain/avr8/avr8-gnu-toolchain/bin/../lib/gcc/avr/5.4.0/../../../../avr/lib/avr5\libc.a(utoa_ncheck.o)
                              c:/program files (x86)/atmel/studio/7.0/toolchain/avr8/avr8-gnu-toolchain/bin/../lib/gcc/avr/5.4.0/../../../../avr/lib/avr5\libc.a(itoa_ncheck.o) (__utoa_common)
c:/program files (x86)/atmel/studio/7.0/toolchain/avr8/avr8-gnu-toolchain/bin/../lib/gcc/avr/5.4.0/../../../../avr/lib/avr5\libc.a(system_tick.o)
                              freeartos/port.o (system_tick)
c:/program files (x86)/atmel/studio/7.0/toolchain/avr8/avr8-gnu-toolchain/bin/../lib/gcc/avr/5.4.0/../../../../avr/lib/avr5\libc.a(strrev.o)
                              c:/program files (x86)/atmel/studio/7.0/toolchain/avr8/avr8-gnu-toolchain/bin/../lib/gcc/avr/5.4.0/../../../../avr/lib/avr5\libc.a(utoa_ncheck.o) (strrev)
c:/program files (x86)/atmel/studio/7.0/toolchain/avr8/avr8-gnu-toolchain/bin/../lib/gcc/avr/5.4.0/../../../../avr/lib/avr5\libc.a(system_time.o)
                              c:/program files (x86)/atmel/studio/7.0/toolchain/avr8/avr8-gnu-toolchain/bin/../lib/gcc/avr/5.4.0/../../../../avr/lib/avr5\libc.a(system_tick.o) (__system_time)

Allocating common symbols
Common symbol       size              file

xCreatedEventGroup_Flags
                    0x2               app/Tasks.o
portTickRateHz      0x2               freeartos/port.o
QueueYassin         0x2               app/Tasks.o
ticksRemainingInSec
                    0x2               freeartos/port.o
__system_time       0x4               c:/program files (x86)/atmel/studio/7.0/toolchain/avr8/avr8-gnu-toolchain/bin/../lib/gcc/avr/5.4.0/../../../../avr/lib/avr5\libc.a(system_time.o)
Key_ret             0x1               app/Tasks.o

Discarded input sections

 .data          0x00000000        0x0 C:/Program Files (x86)/Atmel/Studio/7.0/Packs/atmel/ATmega_DFP/1.2.209/gcc/dev/atmega32/avr5/crtatmega32.o
 .bss           0x00000000        0x0 C:/Program Files (x86)/Atmel/Studio/7.0/Packs/atmel/ATmega_DFP/1.2.209/gcc/dev/atmega32/avr5/crtatmega32.o
 .text          0x00000000        0x0 app/FSM.o
 .data          0x00000000        0x0 app/FSM.o
 .bss           0x00000000        0x0 app/FSM.o
 .debug_line    0x00000000        0x0 app/FSM.o
 .debug_str     0x00000000      0x106 app/FSM.o
 .comment       0x00000000       0x31 app/FSM.o
 .text          0x00000000        0x0 app/Tasks.o
 .data          0x00000000        0x0 app/Tasks.o
 .bss           0x00000000        0x0 app/Tasks.o
 .text.LED1Task
                0x00000000       0x28 app/Tasks.o
 .text.SW_1_Task
                0x00000000       0x2c app/Tasks.o
 .text.SW_2_Task
                0x00000000        0xe app/Tasks.o
 .text.UART_TR_Task
                0x00000000       0x4e app/Tasks.o
 .rodata.str1.1
                0x00000000       0x11 app/Tasks.o
 .text.MainTaskInit
                0x00000000       0x22 app/Tasks.o
 .text.LCDTask  0x00000000       0x46 app/Tasks.o
 .text.LCD_Welcome_Task
                0x00000000        0x2 app/Tasks.o
 .text.Keypad_Task
                0x00000000       0x24 app/Tasks.o
 .bss.K_Data    0x00000000       0x10 app/Tasks.o
 .bss.WS_Flag   0x00000000        0x1 app/Tasks.o
 .debug_info    0x00000000      0x6ff app/Tasks.o
 .debug_abbrev  0x00000000      0x156 app/Tasks.o
 .debug_loc     0x00000000       0x53 app/Tasks.o
 .debug_aranges
                0x00000000       0x58 app/Tasks.o
 .debug_ranges  0x00000000       0x48 app/Tasks.o
 .debug_line    0x00000000      0x280 app/Tasks.o
 .debug_str     0x00000000      0x388 app/Tasks.o
 .comment       0x00000000       0x31 app/Tasks.o
 .debug_frame   0x00000000       0x94 app/Tasks.o
 COMMON         0x00000000        0x5 app/Tasks.o
 .text          0x00000000        0x0 DIO/DIO_driver.o
 .data          0x00000000        0x0 DIO/DIO_driver.o
 .bss           0x00000000        0x0 DIO/DIO_driver.o
 .text.DIO_WritePin
                0x00000000      0x120 DIO/DIO_driver.o
 .text.DIO_ReadPin
                0x00000000       0x82 DIO/DIO_driver.o
 .text.DIO_SetPinDirection
                0x00000000      0x120 DIO/DIO_driver.o
 .text.DIO_togglePin
                0x00000000       0x84 DIO/DIO_driver.o
 .debug_info    0x00000000      0x14c DIO/DIO_driver.o
 .debug_abbrev  0x00000000       0x96 DIO/DIO_driver.o
 .debug_loc     0x00000000      0x42e DIO/DIO_driver.o
 .debug_aranges
                0x00000000       0x38 DIO/DIO_driver.o
 .debug_ranges  0x00000000       0x28 DIO/DIO_driver.o
 .debug_line    0x00000000      0x27e DIO/DIO_driver.o
 .debug_str     0x00000000      0x1f7 DIO/DIO_driver.o
 .comment       0x00000000       0x31 DIO/DIO_driver.o
 .debug_frame   0x00000000       0x54 DIO/DIO_driver.o
 .text          0x00000000        0x0 freeartos/croutine.o
 .data          0x00000000        0x0 freeartos/croutine.o
 .bss           0x00000000        0x0 freeartos/croutine.o
 .text.xCoRoutineCreate
                0x00000000       0xf0 freeartos/croutine.o
 .text.vCoRoutineAddToDelayedList
                0x00000000       0x86 freeartos/croutine.o
 .text.vCoRoutineSchedule
                0x00000000      0x274 freeartos/croutine.o
 .text.xCoRoutineRemoveFromEventList
                0x00000000       0x4a freeartos/croutine.o
 .bss.xPassedTicks
                0x00000000        0x2 freeartos/croutine.o
 .bss.xLastTickCount
                0x00000000        0x2 freeartos/croutine.o
 .bss.xCoRoutineTickCount
                0x00000000        0x2 freeartos/croutine.o
 .bss.uxTopCoRoutineReadyPriority
                0x00000000        0x1 freeartos/croutine.o
 .bss.pxCurrentCoRoutine
                0x00000000        0x2 freeartos/croutine.o
 .bss.xPendingReadyCoRoutineList
                0x00000000        0x9 freeartos/croutine.o
 .bss.pxOverflowDelayedCoRoutineList
                0x00000000        0x2 freeartos/croutine.o
 .bss.pxDelayedCoRoutineList
                0x00000000        0x2 freeartos/croutine.o
 .bss.xDelayedCoRoutineList2
                0x00000000        0x9 freeartos/croutine.o
 .bss.xDelayedCoRoutineList1
                0x00000000        0x9 freeartos/croutine.o
 .bss.pxReadyCoRoutineLists
                0x00000000       0x12 freeartos/croutine.o
 .debug_info    0x00000000      0x785 freeartos/croutine.o
 .debug_abbrev  0x00000000      0x232 freeartos/croutine.o
 .debug_loc     0x00000000      0x3eb freeartos/croutine.o
 .debug_aranges
                0x00000000       0x38 freeartos/croutine.o
 .debug_ranges  0x00000000       0x28 freeartos/croutine.o
 .debug_line    0x00000000      0x32b freeartos/croutine.o
 .debug_str     0x00000000      0x550 freeartos/croutine.o
 .comment       0x00000000       0x31 freeartos/croutine.o
 .debug_frame   0x00000000       0xc0 freeartos/croutine.o
 .text          0x00000000        0x0 freeartos/event_groups.o
 .data          0x00000000        0x0 freeartos/event_groups.o
 .bss           0x00000000        0x0 freeartos/event_groups.o
 .text.xEventGroupCreate
                0x00000000       0x26 freeartos/event_groups.o
 .text.xEventGroupWaitBits
                0x00000000      0x110 freeartos/event_groups.o
 .text.xEventGroupClearBits
                0x00000000       0x1e freeartos/event_groups.o
 .text.xEventGroupGetBitsFromISR
                0x00000000        0x8 freeartos/event_groups.o
 .text.xEventGroupSetBits
                0x00000000       0xdc freeartos/event_groups.o
 .text.xEventGroupSync
                0x00000000       0xd2 freeartos/event_groups.o
 .text.vEventGroupDelete
                0x00000000       0x32 freeartos/event_groups.o
 .text.vEventGroupSetBitsCallback
                0x00000000        0x8 freeartos/event_groups.o
 .text.vEventGroupClearBitsCallback
                0x00000000        0x8 freeartos/event_groups.o
 .debug_info    0x00000000      0x90b freeartos/event_groups.o
 .debug_abbrev  0x00000000      0x20c freeartos/event_groups.o
 .debug_loc     0x00000000      0xb78 freeartos/event_groups.o
 .debug_aranges
                0x00000000       0x60 freeartos/event_groups.o
 .debug_ranges  0x00000000       0x68 freeartos/event_groups.o
 .debug_line    0x00000000      0x3b6 freeartos/event_groups.o
 .debug_str     0x00000000      0x59a freeartos/event_groups.o
 .comment       0x00000000       0x31 freeartos/event_groups.o
 .debug_frame   0x00000000      0x158 freeartos/event_groups.o
 .text          0x00000000        0x0 freeartos/heap_1.o
 .data          0x00000000        0x0 freeartos/heap_1.o
 .bss           0x00000000        0x0 freeartos/heap_1.o
 .text.pvPortMalloc
                0x00000000       0x6a freeartos/heap_1.o
 .text.vPortFree
                0x00000000        0x2 freeartos/heap_1.o
 .text.vPortInitialiseBlocks
                0x00000000        0xa freeartos/heap_1.o
 .text.xPortGetFreeHeapSize
                0x00000000       0x12 freeartos/heap_1.o
 .bss.pucAlignedHeap.2084
                0x00000000        0x2 freeartos/heap_1.o
 .bss.xNextFreeByte
                0x00000000        0x2 freeartos/heap_1.o
 .bss.ucHeap    0x00000000      0x5dc freeartos/heap_1.o
 .debug_info    0x00000000      0x1a4 freeartos/heap_1.o
 .debug_abbrev  0x00000000      0x11c freeartos/heap_1.o
 .debug_loc     0x00000000       0xf1 freeartos/heap_1.o
 .debug_aranges
                0x00000000       0x38 freeartos/heap_1.o
 .debug_ranges  0x00000000       0x28 freeartos/heap_1.o
 .debug_line    0x00000000      0x1bf freeartos/heap_1.o
 .debug_str     0x00000000      0x236 freeartos/heap_1.o
 .comment       0x00000000       0x31 freeartos/heap_1.o
 .debug_frame   0x00000000       0x60 freeartos/heap_1.o
 .text          0x00000000        0x0 freeartos/list.o
 .data          0x00000000        0x0 freeartos/list.o
 .bss           0x00000000        0x0 freeartos/list.o
 .text.vListInitialise
                0x00000000       0x1c freeartos/list.o
 .text.vListInitialiseItem
                0x00000000        0x8 freeartos/list.o
 .text.vListInsertEnd
                0x00000000       0x42 freeartos/list.o
 .text.vListInsert
                0x00000000       0x62 freeartos/list.o
 .text.uxListRemove
                0x00000000       0x4e freeartos/list.o
 .debug_info    0x00000000      0x2d8 freeartos/list.o
 .debug_abbrev  0x00000000       0xff freeartos/list.o
 .debug_loc     0x00000000      0x145 freeartos/list.o
 .debug_aranges
                0x00000000       0x40 freeartos/list.o
 .debug_ranges  0x00000000       0x30 freeartos/list.o
 .debug_line    0x00000000      0x1ef freeartos/list.o
 .debug_str     0x00000000      0x2c5 freeartos/list.o
 .comment       0x00000000       0x31 freeartos/list.o
 .debug_frame   0x00000000       0x88 freeartos/list.o
 .text          0x00000000        0x0 freeartos/port.o
 .data          0x00000000        0x0 freeartos/port.o
 .bss           0x00000000        0x0 freeartos/port.o
 .text.pxPortInitialiseStack
                0x00000000       0xd8 freeartos/port.o
 .text.xPortStartScheduler
                0x00000000       0x5e freeartos/port.o
 .text.vPortEndScheduler
                0x00000000        0x2 freeartos/port.o
 .text.vPortYield
                0x00000000       0xb2 freeartos/port.o
 .text.vPortYieldFromTick
                0x00000000       0xe6 freeartos/port.o
 .text.portSCHEDULER_ISR
                0x00000000       0x72 freeartos/port.o
 .debug_info    0x00000000      0x284 freeartos/port.o
 .debug_abbrev  0x00000000      0x14d freeartos/port.o
 .debug_loc     0x00000000      0x33f freeartos/port.o
 .debug_aranges
                0x00000000       0x48 freeartos/port.o
 .debug_ranges  0x00000000       0x38 freeartos/port.o
 .debug_line    0x00000000      0x2b0 freeartos/port.o
 .debug_str     0x00000000      0x2d3 freeartos/port.o
 .comment       0x00000000       0x31 freeartos/port.o
 .debug_frame   0x00000000       0xbc freeartos/port.o
 COMMON         0x00000000        0x4 freeartos/port.o
 .text          0x00000000        0x0 freeartos/queue.o
 .data          0x00000000        0x0 freeartos/queue.o
 .bss           0x00000000        0x0 freeartos/queue.o
 .text.prvIsQueueEmpty
                0x00000000       0x16 freeartos/queue.o
 .text.prvCopyDataToQueue
                0x00000000       0x92 freeartos/queue.o
 .text.prvCopyDataFromQueue
                0x00000000       0x34 freeartos/queue.o
 .text.prvUnlockQueue
                0x00000000       0x9a freeartos/queue.o
 .text.xQueueGenericReset
                0x00000000       0x84 freeartos/queue.o
 .text.xQueueGenericCreate
                0x00000000       0x5a freeartos/queue.o
 .text.xQueueGenericSend
                0x00000000      0x132 freeartos/queue.o
 .text.xQueueGenericSendFromISR
                0x00000000       0x74 freeartos/queue.o
 .text.xQueueGiveFromISR
                0x00000000       0x52 freeartos/queue.o
 .text.xQueueReceive
                0x00000000      0x12c freeartos/queue.o
 .text.xQueueSemaphoreTake
                0x00000000      0x114 freeartos/queue.o
 .text.xQueuePeek
                0x00000000      0x12c freeartos/queue.o
 .text.xQueueReceiveFromISR
                0x00000000       0x6e freeartos/queue.o
 .text.xQueuePeekFromISR
                0x00000000       0x2e freeartos/queue.o
 .text.uxQueueMessagesWaiting
                0x00000000       0x10 freeartos/queue.o
 .text.uxQueueSpacesAvailable
                0x00000000       0x14 freeartos/queue.o
 .text.uxQueueMessagesWaitingFromISR
                0x00000000        0x6 freeartos/queue.o
 .text.vQueueDelete
                0x00000000        0x6 freeartos/queue.o
 .text.xQueueIsQueueEmptyFromISR
                0x00000000        0xc freeartos/queue.o
 .text.xQueueIsQueueFullFromISR
                0x00000000        0xe freeartos/queue.o
 .text.xQueueCRSend
                0x00000000       0x72 freeartos/queue.o
 .text.xQueueCRReceive
                0x00000000       0x92 freeartos/queue.o
 .text.xQueueCRSendFromISR
                0x00000000       0x48 freeartos/queue.o
 .text.xQueueCRReceiveFromISR
                0x00000000       0x82 freeartos/queue.o
 .debug_info    0x00000000     0x1740 freeartos/queue.o
 .debug_abbrev  0x00000000      0x2af freeartos/queue.o
 .debug_loc     0x00000000     0x1f8e freeartos/queue.o
 .debug_aranges
                0x00000000       0xd8 freeartos/queue.o
 .debug_ranges  0x00000000      0x158 freeartos/queue.o
 .debug_line    0x00000000      0xbd7 freeartos/queue.o
 .debug_str     0x00000000      0x818 freeartos/queue.o
 .comment       0x00000000       0x31 freeartos/queue.o
 .debug_frame   0x00000000      0x368 freeartos/queue.o
 .text          0x00000000        0x0 freeartos/stream_buffer.o
 .data          0x00000000        0x0 freeartos/stream_buffer.o
 .bss           0x00000000        0x0 freeartos/stream_buffer.o
 .text.prvBytesInBuffer
                0x00000000       0x26 freeartos/stream_buffer.o
 .text.prvWriteBytesToBuffer
                0x00000000       0x92 freeartos/stream_buffer.o
 .text.prvWriteMessageToBuffer
                0x00000000       0x82 freeartos/stream_buffer.o
 .text.prvReadBytesFromBuffer
                0x00000000       0x9e freeartos/stream_buffer.o
 .text.xStreamBufferGenericCreate
                0x00000000       0x5a freeartos/stream_buffer.o
 .text.vStreamBufferDelete
                0x00000000       0x1a freeartos/stream_buffer.o
 .text.xStreamBufferReset
                0x00000000       0x74 freeartos/stream_buffer.o
 .text.xStreamBufferSetTriggerLevel
                0x00000000       0x22 freeartos/stream_buffer.o
 .text.xStreamBufferSpacesAvailable
                0x00000000       0x24 freeartos/stream_buffer.o
 .text.xStreamBufferBytesAvailable
                0x00000000        0x6 freeartos/stream_buffer.o
 .text.xStreamBufferSend
                0x00000000      0x146 freeartos/stream_buffer.o
 .text.xStreamBufferSendFromISR
                0x00000000       0x8c freeartos/stream_buffer.o
 .text.xStreamBufferReceive
                0x00000000      0x148 freeartos/stream_buffer.o
 .text.xStreamBufferNextMessageLengthBytes
                0x00000000       0x66 freeartos/stream_buffer.o
 .text.xStreamBufferReceiveFromISR
                0x00000000       0xe6 freeartos/stream_buffer.o
 .text.xStreamBufferIsEmpty
                0x00000000       0x16 freeartos/stream_buffer.o
 .text.xStreamBufferIsFull
                0x00000000       0x2c freeartos/stream_buffer.o
 .text.xStreamBufferSendCompletedFromISR
                0x00000000       0x46 freeartos/stream_buffer.o
 .text.xStreamBufferReceiveCompletedFromISR
                0x00000000       0x46 freeartos/stream_buffer.o
 .debug_info    0x00000000     0x137e freeartos/stream_buffer.o
 .debug_abbrev  0x00000000      0x29b freeartos/stream_buffer.o
 .debug_loc     0x00000000     0x1cde freeartos/stream_buffer.o
 .debug_aranges
                0x00000000       0xb0 freeartos/stream_buffer.o
 .debug_ranges  0x00000000       0xa0 freeartos/stream_buffer.o
 .debug_line    0x00000000      0x762 freeartos/stream_buffer.o
 .debug_str     0x00000000      0x7b2 freeartos/stream_buffer.o
 .comment       0x00000000       0x31 freeartos/stream_buffer.o
 .debug_frame   0x00000000      0x38c freeartos/stream_buffer.o
 .text          0x00000000        0x0 freeartos/tasks.o
 .data          0x00000000        0x0 freeartos/tasks.o
 .bss           0x00000000        0x0 freeartos/tasks.o
 .text.prvResetNextTaskUnblockTime
                0x00000000       0x3e freeartos/tasks.o
 .text.prvIdleTask
                0x00000000       0x5c freeartos/tasks.o
 .text.prvAddCurrentTaskToDelayedList
                0x00000000       0x88 freeartos/tasks.o
 .text.xTaskCreate
                0x00000000      0x20a freeartos/tasks.o
 .text.vTaskDelete
                0x00000000       0xaa freeartos/tasks.o
 .rodata.str1.1
                0x00000000        0x5 freeartos/tasks.o
 .text.vTaskStartScheduler
                0x00000000       0x54 freeartos/tasks.o
 .text.vTaskEndScheduler
                0x00000000        0xc freeartos/tasks.o
 .text.vTaskSuspendAll
                0x00000000        0xc freeartos/tasks.o
 .text.xTaskGetTickCount
                0x00000000       0x14 freeartos/tasks.o
 .text.xTaskGetTickCountFromISR
                0x00000000        0xa freeartos/tasks.o
 .text.uxTaskGetNumberOfTasks
                0x00000000        0x6 freeartos/tasks.o
 .text.pcTaskGetName
                0x00000000       0x10 freeartos/tasks.o
 .text.xTaskIncrementTick
                0x00000000      0x140 freeartos/tasks.o
 .text.xTaskResumeAll
                0x00000000       0xee freeartos/tasks.o
 .text.vTaskDelayUntil
                0x00000000       0x7c freeartos/tasks.o
 .text.vTaskDelay
                0x00000000       0x28 freeartos/tasks.o
 .text.vTaskSwitchContext
                0x00000000       0xcc freeartos/tasks.o
 .text.vTaskPlaceOnEventList
                0x00000000       0x24 freeartos/tasks.o
 .text.vTaskPlaceOnUnorderedEventList
                0x00000000       0x32 freeartos/tasks.o
 .text.xTaskRemoveFromEventList
                0x00000000       0x90 freeartos/tasks.o
 .text.vTaskRemoveFromUnorderedEventList
                0x00000000       0x70 freeartos/tasks.o
 .text.vTaskSetTimeOutState
                0x00000000       0x20 freeartos/tasks.o
 .text.vTaskInternalSetTimeOutState
                0x00000000       0x16 freeartos/tasks.o
 .text.xTaskCheckForTimeOut
                0x00000000       0x58 freeartos/tasks.o
 .text.vTaskMissedYield
                0x00000000        0x8 freeartos/tasks.o
 .text.uxTaskResetEventItemValue
                0x00000000       0x2e freeartos/tasks.o
 .text.ulTaskNotifyTake
                0x00000000       0xae freeartos/tasks.o
 .text.xTaskNotifyWait
                0x00000000      0x108 freeartos/tasks.o
 .text.xTaskGenericNotify
                0x00000000       0xec freeartos/tasks.o
 .text.xTaskGenericNotifyFromISR
                0x00000000      0x120 freeartos/tasks.o
 .text.vTaskNotifyGiveFromISR
                0x00000000       0xb4 freeartos/tasks.o
 .text.xTaskNotifyStateClear
                0x00000000       0x28 freeartos/tasks.o
 .bss.uxSchedulerSuspended
                0x00000000        0x1 freeartos/tasks.o
 .bss.xIdleTaskHandle
                0x00000000        0x2 freeartos/tasks.o
 .bss.xNextTaskUnblockTime
                0x00000000        0x2 freeartos/tasks.o
 .bss.uxTaskNumber
                0x00000000        0x1 freeartos/tasks.o
 .bss.xNumOfOverflows
                0x00000000        0x1 freeartos/tasks.o
 .bss.xYieldPending
                0x00000000        0x1 freeartos/tasks.o
 .bss.uxPendedTicks
                0x00000000        0x1 freeartos/tasks.o
 .bss.xSchedulerRunning
                0x00000000        0x1 freeartos/tasks.o
 .bss.uxTopReadyPriority
                0x00000000        0x1 freeartos/tasks.o
 .bss.xTickCount
                0x00000000        0x2 freeartos/tasks.o
 .bss.uxCurrentNumberOfTasks
                0x00000000        0x1 freeartos/tasks.o
 .bss.uxDeletedTasksWaitingCleanUp
                0x00000000        0x1 freeartos/tasks.o
 .bss.xTasksWaitingTermination
                0x00000000        0x9 freeartos/tasks.o
 .bss.xPendingReadyList
                0x00000000        0x9 freeartos/tasks.o
 .bss.pxOverflowDelayedTaskList
                0x00000000        0x2 freeartos/tasks.o
 .bss.pxDelayedTaskList
                0x00000000        0x2 freeartos/tasks.o
 .bss.xDelayedTaskList2
                0x00000000        0x9 freeartos/tasks.o
 .bss.xDelayedTaskList1
                0x00000000        0x9 freeartos/tasks.o
 .bss.pxReadyTasksLists
                0x00000000       0x24 freeartos/tasks.o
 .bss.pxCurrentTCB
                0x00000000        0x2 freeartos/tasks.o
 .debug_info    0x00000000     0x1815 freeartos/tasks.o
 .debug_abbrev  0x00000000      0x307 freeartos/tasks.o
 .debug_loc     0x00000000     0x1902 freeartos/tasks.o
 .debug_aranges
                0x00000000      0x118 freeartos/tasks.o
 .debug_ranges  0x00000000      0x150 freeartos/tasks.o
 .debug_line    0x00000000      0xcbe freeartos/tasks.o
 .debug_str     0x00000000      0xb91 freeartos/tasks.o
 .comment       0x00000000       0x31 freeartos/tasks.o
 .debug_frame   0x00000000      0x3dc freeartos/tasks.o
 .text          0x00000000        0x0 freeartos/timers.o
 .data          0x00000000        0x0 freeartos/timers.o
 .bss           0x00000000        0x0 freeartos/timers.o
 .debug_info    0x00000000       0x64 freeartos/timers.o
 .debug_abbrev  0x00000000       0x26 freeartos/timers.o
 .debug_aranges
                0x00000000       0x18 freeartos/timers.o
 .debug_line    0x00000000       0x1a freeartos/timers.o
 .debug_str     0x00000000      0x184 freeartos/timers.o
 .comment       0x00000000       0x31 freeartos/timers.o
 .text          0x00000000        0x0 lcd/lcd.o
 .data          0x00000000        0x0 lcd/lcd.o
 .bss           0x00000000        0x0 lcd/lcd.o
 .text.LCD_sendCommand
                0x00000000       0xec lcd/lcd.o
 .text.LCD_init
                0x00000000       0x4c lcd/lcd.o
 .text.LCD_displayChar
                0x00000000       0xec lcd/lcd.o
 .text.LCD_displayString
                0x00000000       0x2c lcd/lcd.o
 .text.LCD_clear
                0x00000000        0x8 lcd/lcd.o
 .text.LCD_goToRowColumn
                0x00000000       0x1e lcd/lcd.o
 .text.LCD_displayStringRowColumn
                0x00000000       0x1a lcd/lcd.o
 .text.LCD_intgerToString
                0x00000000       0x3e lcd/lcd.o
 .text.LCD_customCharacter
                0x00000000       0x66 lcd/lcd.o
 .debug_info    0x00000000      0xbe2 lcd/lcd.o
 .debug_abbrev  0x00000000      0x260 lcd/lcd.o
 .debug_loc     0x00000000      0x927 lcd/lcd.o
 .debug_aranges
                0x00000000       0x60 lcd/lcd.o
 .debug_ranges  0x00000000       0x50 lcd/lcd.o
 .debug_line    0x00000000      0x436 lcd/lcd.o
 .debug_str     0x00000000      0x304 lcd/lcd.o
 .comment       0x00000000       0x31 lcd/lcd.o
 .debug_frame   0x00000000      0x104 lcd/lcd.o
 .text          0x00000000        0x0 main.o
 .data          0x00000000        0x0 main.o
 .bss           0x00000000        0x0 main.o
 .text          0x00000000        0x0 spi/spi.o
 .data          0x00000000        0x0 spi/spi.o
 .bss           0x00000000        0x0 spi/spi.o
 .text.SPI_init_M
                0x00000000        0xc spi/spi.o
 .text.SPI_init_S
                0x00000000        0xa spi/spi.o
 .text.SPI_Send
                0x00000000        0x8 spi/spi.o
 .text.SPI_Recieve
                0x00000000        0x8 spi/spi.o
 .debug_info    0x00000000       0xf4 spi/spi.o
 .debug_abbrev  0x00000000       0x94 spi/spi.o
 .debug_aranges
                0x00000000       0x38 spi/spi.o
 .debug_ranges  0x00000000       0x28 spi/spi.o
 .debug_line    0x00000000      0x14c spi/spi.o
 .debug_str     0x00000000      0x1c8 spi/spi.o
 .comment       0x00000000       0x31 spi/spi.o
 .debug_frame   0x00000000       0x54 spi/spi.o
 .text          0x00000000        0x0 uart/UART.o
 .data          0x00000000        0x0 uart/UART.o
 .bss           0x00000000        0x0 uart/UART.o
 .text.UART_Init
                0x00000000       0x16 uart/UART.o
 .text.UART_Transmit
                0x00000000        0x8 uart/UART.o
 .text.UART_receive
                0x00000000        0x8 uart/UART.o
 .text.UART_TransmitString
                0x00000000       0x32 uart/UART.o
 .debug_info    0x00000000      0x19d uart/UART.o
 .debug_abbrev  0x00000000       0xf7 uart/UART.o
 .debug_loc     0x00000000      0x10d uart/UART.o
 .debug_aranges
                0x00000000       0x38 uart/UART.o
 .debug_ranges  0x00000000       0x28 uart/UART.o
 .debug_line    0x00000000      0x119 uart/UART.o
 .debug_str     0x00000000      0x204 uart/UART.o
 .comment       0x00000000       0x31 uart/UART.o
 .debug_frame   0x00000000       0x68 uart/UART.o
 .text          0x00000000        0x0 c:/program files (x86)/atmel/studio/7.0/toolchain/avr8/avr8-gnu-toolchain/bin/../lib/gcc/avr/5.4.0/avr5\libgcc.a(_exit.o)
 .data          0x00000000        0x0 c:/program files (x86)/atmel/studio/7.0/toolchain/avr8/avr8-gnu-toolchain/bin/../lib/gcc/avr/5.4.0/avr5\libgcc.a(_exit.o)
 .bss           0x00000000        0x0 c:/program files (x86)/atmel/studio/7.0/toolchain/avr8/avr8-gnu-toolchain/bin/../lib/gcc/avr/5.4.0/avr5\libgcc.a(_exit.o)
 .text.libgcc.mul
                0x00000000        0x0 c:/program files (x86)/atmel/studio/7.0/toolchain/avr8/avr8-gnu-toolchain/bin/../lib/gcc/avr/5.4.0/avr5\libgcc.a(_exit.o)
 .text.libgcc.div
                0x00000000        0x0 c:/program files (x86)/atmel/studio/7.0/toolchain/avr8/avr8-gnu-toolchain/bin/../lib/gcc/avr/5.4.0/avr5\libgcc.a(_exit.o)
 .text.libgcc   0x00000000        0x0 c:/program files (x86)/atmel/studio/7.0/toolchain/avr8/avr8-gnu-toolchain/bin/../lib/gcc/avr/5.4.0/avr5\libgcc.a(_exit.o)
 .text.libgcc.prologue
                0x00000000        0x0 c:/program files (x86)/atmel/studio/7.0/toolchain/avr8/avr8-gnu-toolchain/bin/../lib/gcc/avr/5.4.0/avr5\libgcc.a(_exit.o)
 .text.libgcc.builtins
                0x00000000        0x0 c:/program files (x86)/atmel/studio/7.0/toolchain/avr8/avr8-gnu-toolchain/bin/../lib/gcc/avr/5.4.0/avr5\libgcc.a(_exit.o)
 .text.libgcc.fmul
                0x00000000        0x0 c:/program files (x86)/atmel/studio/7.0/toolchain/avr8/avr8-gnu-toolchain/bin/../lib/gcc/avr/5.4.0/avr5\libgcc.a(_exit.o)
 .text.libgcc.fixed
                0x00000000        0x0 c:/program files (x86)/atmel/studio/7.0/toolchain/avr8/avr8-gnu-toolchain/bin/../lib/gcc/avr/5.4.0/avr5\libgcc.a(_exit.o)
 .text          0x00000000        0x0 c:/program files (x86)/atmel/studio/7.0/toolchain/avr8/avr8-gnu-toolchain/bin/../lib/gcc/avr/5.4.0/avr5\libgcc.a(_copy_data.o)
 .data          0x00000000        0x0 c:/program files (x86)/atmel/studio/7.0/toolchain/avr8/avr8-gnu-toolchain/bin/../lib/gcc/avr/5.4.0/avr5\libgcc.a(_copy_data.o)
 .bss           0x00000000        0x0 c:/program files (x86)/atmel/studio/7.0/toolchain/avr8/avr8-gnu-toolchain/bin/../lib/gcc/avr/5.4.0/avr5\libgcc.a(_copy_data.o)
 .text.libgcc.mul
                0x00000000        0x0 c:/program files (x86)/atmel/studio/7.0/toolchain/avr8/avr8-gnu-toolchain/bin/../lib/gcc/avr/5.4.0/avr5\libgcc.a(_copy_data.o)
 .text.libgcc.div
                0x00000000        0x0 c:/program files (x86)/atmel/studio/7.0/toolchain/avr8/avr8-gnu-toolchain/bin/../lib/gcc/avr/5.4.0/avr5\libgcc.a(_copy_data.o)
 .text.libgcc   0x00000000        0x0 c:/program files (x86)/atmel/studio/7.0/toolchain/avr8/avr8-gnu-toolchain/bin/../lib/gcc/avr/5.4.0/avr5\libgcc.a(_copy_data.o)
 .text.libgcc.prologue
                0x00000000        0x0 c:/program files (x86)/atmel/studio/7.0/toolchain/avr8/avr8-gnu-toolchain/bin/../lib/gcc/avr/5.4.0/avr5\libgcc.a(_copy_data.o)
 .text.libgcc.builtins
                0x00000000        0x0 c:/program files (x86)/atmel/studio/7.0/toolchain/avr8/avr8-gnu-toolchain/bin/../lib/gcc/avr/5.4.0/avr5\libgcc.a(_copy_data.o)
 .text.libgcc.fmul
                0x00000000        0x0 c:/program files (x86)/atmel/studio/7.0/toolchain/avr8/avr8-gnu-toolchain/bin/../lib/gcc/avr/5.4.0/avr5\libgcc.a(_copy_data.o)
 .text.libgcc.fixed
                0x00000000        0x0 c:/program files (x86)/atmel/studio/7.0/toolchain/avr8/avr8-gnu-toolchain/bin/../lib/gcc/avr/5.4.0/avr5\libgcc.a(_copy_data.o)
 .text          0x00000000        0x0 c:/program files (x86)/atmel/studio/7.0/toolchain/avr8/avr8-gnu-toolchain/bin/../lib/gcc/avr/5.4.0/avr5\libgcc.a(_clear_bss.o)
 .data          0x00000000        0x0 c:/program files (x86)/atmel/studio/7.0/toolchain/avr8/avr8-gnu-toolchain/bin/../lib/gcc/avr/5.4.0/avr5\libgcc.a(_clear_bss.o)
 .bss           0x00000000        0x0 c:/program files (x86)/atmel/studio/7.0/toolchain/avr8/avr8-gnu-toolchain/bin/../lib/gcc/avr/5.4.0/avr5\libgcc.a(_clear_bss.o)
 .text.libgcc.mul
                0x00000000        0x0 c:/program files (x86)/atmel/studio/7.0/toolchain/avr8/avr8-gnu-toolchain/bin/../lib/gcc/avr/5.4.0/avr5\libgcc.a(_clear_bss.o)
 .text.libgcc.div
                0x00000000        0x0 c:/program files (x86)/atmel/studio/7.0/toolchain/avr8/avr8-gnu-toolchain/bin/../lib/gcc/avr/5.4.0/avr5\libgcc.a(_clear_bss.o)
 .text.libgcc   0x00000000        0x0 c:/program files (x86)/atmel/studio/7.0/toolchain/avr8/avr8-gnu-toolchain/bin/../lib/gcc/avr/5.4.0/avr5\libgcc.a(_clear_bss.o)
 .text.libgcc.prologue
                0x00000000        0x0 c:/program files (x86)/atmel/studio/7.0/toolchain/avr8/avr8-gnu-toolchain/bin/../lib/gcc/avr/5.4.0/avr5\libgcc.a(_clear_bss.o)
 .text.libgcc.builtins
                0x00000000        0x0 c:/program files (x86)/atmel/studio/7.0/toolchain/avr8/avr8-gnu-toolchain/bin/../lib/gcc/avr/5.4.0/avr5\libgcc.a(_clear_bss.o)
 .text.libgcc.fmul
                0x00000000        0x0 c:/program files (x86)/atmel/studio/7.0/toolchain/avr8/avr8-gnu-toolchain/bin/../lib/gcc/avr/5.4.0/avr5\libgcc.a(_clear_bss.o)
 .text.libgcc.fixed
                0x00000000        0x0 c:/program files (x86)/atmel/studio/7.0/toolchain/avr8/avr8-gnu-toolchain/bin/../lib/gcc/avr/5.4.0/avr5\libgcc.a(_clear_bss.o)
 .text          0x00000000        0x0 c:/program files (x86)/atmel/studio/7.0/toolchain/avr8/avr8-gnu-toolchain/bin/../lib/gcc/avr/5.4.0/../../../../avr/lib/avr5\libc.a(memcpy.o)
 .data          0x00000000        0x0 c:/program files (x86)/atmel/studio/7.0/toolchain/avr8/avr8-gnu-toolchain/bin/../lib/gcc/avr/5.4.0/../../../../avr/lib/avr5\libc.a(memcpy.o)
 .bss           0x00000000        0x0 c:/program files (x86)/atmel/studio/7.0/toolchain/avr8/avr8-gnu-toolchain/bin/../lib/gcc/avr/5.4.0/../../../../avr/lib/avr5\libc.a(memcpy.o)
 .text.avr-libc
                0x00000000       0x12 c:/program files (x86)/atmel/studio/7.0/toolchain/avr8/avr8-gnu-toolchain/bin/../lib/gcc/avr/5.4.0/../../../../avr/lib/avr5\libc.a(memcpy.o)
 .text          0x00000000        0x0 c:/program files (x86)/atmel/studio/7.0/toolchain/avr8/avr8-gnu-toolchain/bin/../lib/gcc/avr/5.4.0/../../../../avr/lib/avr5\libc.a(itoa_ncheck.o)
 .data          0x00000000        0x0 c:/program files (x86)/atmel/studio/7.0/toolchain/avr8/avr8-gnu-toolchain/bin/../lib/gcc/avr/5.4.0/../../../../avr/lib/avr5\libc.a(itoa_ncheck.o)
 .bss           0x00000000        0x0 c:/program files (x86)/atmel/studio/7.0/toolchain/avr8/avr8-gnu-toolchain/bin/../lib/gcc/avr/5.4.0/../../../../avr/lib/avr5\libc.a(itoa_ncheck.o)
 .text.avr-libc
                0x00000000       0x16 c:/program files (x86)/atmel/studio/7.0/toolchain/avr8/avr8-gnu-toolchain/bin/../lib/gcc/avr/5.4.0/../../../../avr/lib/avr5\libc.a(itoa_ncheck.o)
 .text          0x00000000        0x0 c:/program files (x86)/atmel/studio/7.0/toolchain/avr8/avr8-gnu-toolchain/bin/../lib/gcc/avr/5.4.0/../../../../avr/lib/avr5\libc.a(utoa_ncheck.o)
 .data          0x00000000        0x0 c:/program files (x86)/atmel/studio/7.0/toolchain/avr8/avr8-gnu-toolchain/bin/../lib/gcc/avr/5.4.0/../../../../avr/lib/avr5\libc.a(utoa_ncheck.o)
 .bss           0x00000000        0x0 c:/program files (x86)/atmel/studio/7.0/toolchain/avr8/avr8-gnu-toolchain/bin/../lib/gcc/avr/5.4.0/../../../../avr/lib/avr5\libc.a(utoa_ncheck.o)
 .text.avr-libc
                0x00000000       0x34 c:/program files (x86)/atmel/studio/7.0/toolchain/avr8/avr8-gnu-toolchain/bin/../lib/gcc/avr/5.4.0/../../../../avr/lib/avr5\libc.a(utoa_ncheck.o)
 .text          0x00000000       0x38 c:/program files (x86)/atmel/studio/7.0/toolchain/avr8/avr8-gnu-toolchain/bin/../lib/gcc/avr/5.4.0/../../../../avr/lib/avr5\libc.a(system_tick.o)
 .data          0x00000000        0x0 c:/program files (x86)/atmel/studio/7.0/toolchain/avr8/avr8-gnu-toolchain/bin/../lib/gcc/avr/5.4.0/../../../../avr/lib/avr5\libc.a(system_tick.o)
 .bss           0x00000000        0x0 c:/program files (x86)/atmel/studio/7.0/toolchain/avr8/avr8-gnu-toolchain/bin/../lib/gcc/avr/5.4.0/../../../../avr/lib/avr5\libc.a(system_tick.o)
 .text          0x00000000        0x0 c:/program files (x86)/atmel/studio/7.0/toolchain/avr8/avr8-gnu-toolchain/bin/../lib/gcc/avr/5.4.0/../../../../avr/lib/avr5\libc.a(strrev.o)
 .data          0x00000000        0x0 c:/program files (x86)/atmel/studio/7.0/toolchain/avr8/avr8-gnu-toolchain/bin/../lib/gcc/avr/5.4.0/../../../../avr/lib/avr5\libc.a(strrev.o)
 .bss           0x00000000        0x0 c:/program files (x86)/atmel/studio/7.0/toolchain/avr8/avr8-gnu-toolchain/bin/../lib/gcc/avr/5.4.0/../../../../avr/lib/avr5\libc.a(strrev.o)
 .text.avr-libc
                0x00000000       0x20 c:/program files (x86)/atmel/studio/7.0/toolchain/avr8/avr8-gnu-toolchain/bin/../lib/gcc/avr/5.4.0/../../../../avr/lib/avr5\libc.a(strrev.o)
 .text          0x00000000        0x0 c:/program files (x86)/atmel/studio/7.0/toolchain/avr8/avr8-gnu-toolchain/bin/../lib/gcc/avr/5.4.0/../../../../avr/lib/avr5\libc.a(system_time.o)
 .data          0x00000000        0x0 c:/program files (x86)/atmel/studio/7.0/toolchain/avr8/avr8-gnu-toolchain/bin/../lib/gcc/avr/5.4.0/../../../../avr/lib/avr5\libc.a(system_time.o)
 .bss           0x00000000        0x0 c:/program files (x86)/atmel/studio/7.0/toolchain/avr8/avr8-gnu-toolchain/bin/../lib/gcc/avr/5.4.0/../../../../avr/lib/avr5\libc.a(system_time.o)
 .comment       0x00000000       0x31 c:/program files (x86)/atmel/studio/7.0/toolchain/avr8/avr8-gnu-toolchain/bin/../lib/gcc/avr/5.4.0/../../../../avr/lib/avr5\libc.a(system_time.o)
 COMMON         0x00000000        0x4 c:/program files (x86)/atmel/studio/7.0/toolchain/avr8/avr8-gnu-toolchain/bin/../lib/gcc/avr/5.4.0/../../../../avr/lib/avr5\libc.a(system_time.o)

Memory Configuration

Name             Origin             Length             Attributes
text             0x00000000         0x00020000         xr
data             0x00800060         0x0000ffa0         rw !x
eeprom           0x00810000         0x00010000         rw !x
fuse             0x00820000         0x00000002         rw !x
lock             0x00830000         0x00000400         rw !x
signature        0x00840000         0x00000400         rw !x
user_signatures  0x00850000         0x00000400         rw !x
*default*        0x00000000         0xffffffff

Linker script and memory map

LOAD C:/Program Files (x86)/Atmel/Studio/7.0/Packs/atmel/ATmega_DFP/1.2.209/gcc/dev/atmega32/avr5/crtatmega32.o
LOAD app/FSM.o
LOAD app/Tasks.o
LOAD DIO/DIO_driver.o
LOAD freeartos/croutine.o
LOAD freeartos/event_groups.o
LOAD freeartos/heap_1.o
LOAD freeartos/list.o
LOAD freeartos/port.o
LOAD freeartos/queue.o
LOAD freeartos/stream_buffer.o
LOAD freeartos/tasks.o
LOAD freeartos/timers.o
LOAD lcd/lcd.o
LOAD main.o
LOAD spi/spi.o
LOAD uart/UART.o
START GROUP
LOAD c:/program files (x86)/atmel/studio/7.0/toolchain/avr8/avr8-gnu-toolchain/bin/../lib/gcc/avr/5.4.0/../../../../avr/lib/avr5\libm.a
END GROUP
START GROUP
LOAD c:/program files (x86)/atmel/studio/7.0/toolchain/avr8/avr8-gnu-toolchain/bin/../lib/gcc/avr/5.4.0/avr5\libgcc.a
LOAD c:/program files (x86)/atmel/studio/7.0/toolchain/avr8/avr8-gnu-toolchain/bin/../lib/gcc/avr/5.4.0/../../../../avr/lib/avr5\libm.a
LOAD c:/program files (x86)/atmel/studio/7.0/toolchain/avr8/avr8-gnu-toolchain/bin/../lib/gcc/avr/5.4.0/../../../../avr/lib/avr5\libc.a
LOAD C:/Program Files (x86)/Atmel/Studio/7.0/Packs/atmel/ATmega_DFP/1.2.209/gcc/dev/atmega32/avr5\libatmega32.a
END GROUP
                0x00020000                __TEXT_REGION_LENGTH__ = DEFINED (__TEXT_REGION_LENGTH__)?__TEXT_REGION_LENGTH__:0x20000
                0x0000ffa0                __DATA_REGION_LENGTH__ = DEFINED (__DATA_REGION_LENGTH__)?__DATA_REGION_LENGTH__:0xffa0
                0x00010000                __EEPROM_REGION_LENGTH__ = DEFINED (__EEPROM_REGION_LENGTH__)?__EEPROM_REGION_LENGTH__:0x10000
                [0x00000002]                __FUSE_REGION_LENGTH__ = DEFINED (__FUSE_REGION_LENGTH__)?__FUSE_REGION_LENGTH__:0x400
                0x00000400                __LOCK_REGION_LENGTH__ = DEFINED (__LOCK_REGION_LENGTH__)?__LOCK_REGION_LENGTH__:0x400
                0x00000400                __SIGNATURE_REGION_LENGTH__ = DEFINED (__SIGNATURE_REGION_LENGTH__)?__SIGNATURE_REGION_LENGTH__:0x400
                0x00000400                __USER_SIGNATURE_REGION_LENGTH__ = DEFINED (__USER_SIGNATURE_REGION_LENGTH__)?__USER_SIGNATURE_REGION_LENGTH__:0x400

.hash
 *(.hash)

.dynsym
 *(.dynsym)

.dynstr
 *(.dynstr)

.gnu.version
 *(.gnu.version)

.gnu.version_d
 *(.gnu.version_d)

.gnu.version_r
 *(.gnu.version_r)

.rel.init
 *(.rel.init)

.rela.init
 *(.rela.init)

.rel.text
 *(.rel.text)
 *(.rel.text.*)
 *(.rel.gnu.linkonce.t*)

.rela.text
 *(.rela.text)
 *(.rela.text.*)
 *(.rela.gnu.linkonce.t*)

.rel.fini
 *(.rel.fini)

.rela.fini
 *(.rela.fini)

.rel.rodata
 *(.rel.rodata)
 *(.rel.rodata.*)
 *(.rel.gnu.linkonce.r*)

.rela.rodata
 *(.rela.rodata)
 *(.rela.rodata.*)
 *(.rela.gnu.linkonce.r*)

.rel.data
 *(.rel.data)
 *(.rel.data.*)
 *(.rel.gnu.linkonce.d*)

.rela.data
 *(.rela.data)
 *(.rela.data.*)
 *(.rela.gnu.linkonce.d*)

.rel.ctors
 *(.rel.ctors)

.rela.ctors
 *(.rela.ctors)

.rel.dtors
 *(.rel.dtors)

.rela.dtors
 *(.rela.dtors)

.rel.got
 *(.rel.got)

.rela.got
 *(.rela.got)

.rel.bss
 *(.rel.bss)

.rela.bss
 *(.rela.bss)

.rel.plt
 *(.rel.plt)

.rela.plt
 *(.rela.plt)

.text           0x00000000       0x98
 *(.vectors)
 .vectors       0x00000000       0x54 C:/Program Files (x86)/Atmel/Studio/7.0/Packs/atmel/ATmega_DFP/1.2.209/gcc/dev/atmega32/avr5/crtatmega32.o
                0x00000000                __vector_default
                0x00000000                __vectors
 *(.vectors)
 *(.progmem.gcc*)
                0x00000054                . = ALIGN (0x2)
                0x00000054                __trampolines_start = .
 *(.trampolines)
 .trampolines   0x00000054        0x0 linker stubs
 *(.trampolines*)
                0x00000054                __trampolines_end = .
 *libprintf_flt.a:*(.progmem.data)
 *libc.a:*(.progmem.data)
 *(.progmem*)
                0x00000054                . = ALIGN (0x2)
 *(.jumptables)
 *(.jumptables*)
 *(.lowtext)
 *(.lowtext*)
                0x00000054                __ctors_start = .
 *(.ctors)
                0x00000054                __ctors_end = .
                0x00000054                __dtors_start = .
 *(.dtors)
                0x00000054                __dtors_end = .
 SORT(*)(.ctors)
 SORT(*)(.dtors)
 *(.init0)
 .init0         0x00000054        0x0 C:/Program Files (x86)/Atmel/Studio/7.0/Packs/atmel/ATmega_DFP/1.2.209/gcc/dev/atmega32/avr5/crtatmega32.o
                0x00000054                __init
 *(.init0)
 *(.init1)
 *(.init1)
 *(.init2)
 .init2         0x00000054        0xc C:/Program Files (x86)/Atmel/Studio/7.0/Packs/atmel/ATmega_DFP/1.2.209/gcc/dev/atmega32/avr5/crtatmega32.o
 *(.init2)
 *(.init3)
 *(.init3)
 *(.init4)
 .init4         0x00000060       0x16 c:/program files (x86)/atmel/studio/7.0/toolchain/avr8/avr8-gnu-toolchain/bin/../lib/gcc/avr/5.4.0/avr5\libgcc.a(_copy_data.o)
                0x00000060                __do_copy_data
 .init4         0x00000076       0x10 c:/program files (x86)/atmel/studio/7.0/toolchain/avr8/avr8-gnu-toolchain/bin/../lib/gcc/avr/5.4.0/avr5\libgcc.a(_clear_bss.o)
                0x00000076                __do_clear_bss
 *(.init4)
 *(.init5)
 *(.init5)
 *(.init6)
 *(.init6)
 *(.init7)
 *(.init7)
 *(.init8)
 *(.init8)
 *(.init9)
 .init9         0x00000086        0x8 C:/Program Files (x86)/Atmel/Studio/7.0/Packs/atmel/ATmega_DFP/1.2.209/gcc/dev/atmega32/avr5/crtatmega32.o
 *(.init9)
 *(.text)
 .text          0x0000008e        0x4 C:/Program Files (x86)/Atmel/Studio/7.0/Packs/atmel/ATmega_DFP/1.2.209/gcc/dev/atmega32/avr5/crtatmega32.o
                0x0000008e                __vector_1
                0x0000008e                __vector_12
                0x0000008e                __bad_interrupt
                0x0000008e                __vector_6
                0x0000008e                __vector_3
                0x0000008e                __vector_11
                0x0000008e                __vector_13
                0x0000008e                __vector_17
                0x0000008e                __vector_19
                0x0000008e                __vector_7
                0x0000008e                __vector_5
                0x0000008e                __vector_4
                0x0000008e                __vector_9
                0x0000008e                __vector_2
                0x0000008e                __vector_15
                0x0000008e                __vector_8
                0x0000008e                __vector_14
                0x0000008e                __vector_10
                0x0000008e                __vector_16
                0x0000008e                __vector_18
                0x0000008e                __vector_20
                0x00000092                . = ALIGN (0x2)
 *(.text.*)
 .text.main     0x00000092        0x2 main.o
                0x00000092                main
                0x00000094                . = ALIGN (0x2)
 *(.fini9)
 .fini9         0x00000094        0x0 c:/program files (x86)/atmel/studio/7.0/toolchain/avr8/avr8-gnu-toolchain/bin/../lib/gcc/avr/5.4.0/avr5\libgcc.a(_exit.o)
                0x00000094                _exit
                0x00000094                exit
 *(.fini9)
 *(.fini8)
 *(.fini8)
 *(.fini7)
 *(.fini7)
 *(.fini6)
 *(.fini6)
 *(.fini5)
 *(.fini5)
 *(.fini4)
 *(.fini4)
 *(.fini3)
 *(.fini3)
 *(.fini2)
 *(.fini2)
 *(.fini1)
 *(.fini1)
 *(.fini0)
 .fini0         0x00000094        0x4 c:/program files (x86)/atmel/studio/7.0/toolchain/avr8/avr8-gnu-toolchain/bin/../lib/gcc/avr/5.4.0/avr5\libgcc.a(_exit.o)
 *(.fini0)
                0x00000098                _etext = .

.data           0x00800060        0x0 load address 0x00000098
                0x00800060                PROVIDE (__data_start, .)
 *(.data)
 *(.data*)
 *(.gnu.linkonce.d*)
 *(.rodata)
 *(.rodata*)
 *(.gnu.linkonce.r*)
                0x00800060                . = ALIGN (0x2)
                0x00800060                _edata = .
                0x00800060                PROVIDE (__data_end, .)

.bss            0x00800060        0x0
                0x00800060                PROVIDE (__bss_start, .)
 *(.bss)
 *(.bss*)
 *(COMMON)
                0x00800060                PROVIDE (__bss_end, .)
                0x00000098                __data_load_start = LOADADDR (.data)
                0x00000098                __data_load_end = (__data_load_start + SIZEOF (.data))

.noinit         0x00800060        0x0
                [!provide]                PROVIDE (__noinit_start, .)
 *(.noinit*)
                [!provide]                PROVIDE (__noinit_end, .)
                0x00800060                _end = .
                [!provide]                PROVIDE (__heap_start, .)

.eeprom         0x00810000        0x0
 *(.eeprom*)
                0x00810000                __eeprom_end = .

.fuse
 *(.fuse)
 *(.lfuse)
 *(.hfuse)
 *(.efuse)

.lock
 *(.lock*)

.signature
 *(.signature*)

.user_signatures
 *(.user_signatures*)

.stab
 *(.stab)

.stabstr
 *(.stabstr)

.stab.excl
 *(.stab.excl)

.stab.exclstr
 *(.stab.exclstr)

.stab.index
 *(.stab.index)

.stab.indexstr
 *(.stab.indexstr)

.comment        0x00000000       0x30
 *(.comment)
 .comment       0x00000000       0x30 main.o
                                 0x31 (size before relaxing)

.note.gnu.avr.deviceinfo
                0x00000000       0x3c
 .note.gnu.avr.deviceinfo
                0x00000000       0x3c C:/Program Files (x86)/Atmel/Studio/7.0/Packs/atmel/ATmega_DFP/1.2.209/gcc/dev/atmega32/avr5/crtatmega32.o

.note.gnu.build-id
 *(.note.gnu.build-id)

.debug
 *(.debug)

.line
 *(.line)

.debug_srcinfo
 *(.debug_srcinfo)

.debug_sfnames
 *(.debug_sfnames)

.debug_aranges  0x00000000       0x20
 *(.debug_aranges)
 .debug_aranges
                0x00000000       0x20 main.o

.debug_pubnames
 *(.debug_pubnames)

.debug_info     0x00000000      0x571
 *(.debug_info .gnu.linkonce.wi.*)
 .debug_info    0x00000000      0x4e6 C:/Program Files (x86)/Atmel/Studio/7.0/Packs/atmel/ATmega_DFP/1.2.209/gcc/dev/atmega32/avr5/crtatmega32.o
 .debug_info    0x000004e6       0x8b main.o

.debug_abbrev   0x00000000      0x4ec
 *(.debug_abbrev)
 .debug_abbrev  0x00000000      0x4a3 C:/Program Files (x86)/Atmel/Studio/7.0/Packs/atmel/ATmega_DFP/1.2.209/gcc/dev/atmega32/avr5/crtatmega32.o
 .debug_abbrev  0x000004a3       0x49 main.o

.debug_line     0x00000000      0x14e
 *(.debug_line .debug_line.* .debug_line_end)
 .debug_line    0x00000000      0x115 C:/Program Files (x86)/Atmel/Studio/7.0/Packs/atmel/ATmega_DFP/1.2.209/gcc/dev/atmega32/avr5/crtatmega32.o
 .debug_line    0x00000115       0x39 main.o

.debug_frame    0x00000000       0x24
 *(.debug_frame)
 .debug_frame   0x00000000       0x24 main.o

.debug_str      0x00000000      0x2dc
 *(.debug_str)
 .debug_str     0x00000000      0x196 C:/Program Files (x86)/Atmel/Studio/7.0/Packs/atmel/ATmega_DFP/1.2.209/gcc/dev/atmega32/avr5/crtatmega32.o
 .debug_str     0x00000196      0x146 main.o
                                0x17f (size before relaxing)

.debug_loc
 *(.debug_loc)

.debug_macinfo
 *(.debug_macinfo)

.debug_weaknames
 *(.debug_weaknames)

.debug_funcnames
 *(.debug_funcnames)

.debug_typenames
 *(.debug_typenames)

.debug_varnames
 *(.debug_varnames)

.debug_pubtypes
 *(.debug_pubtypes)

.debug_ranges   0x00000000       0x10
 *(.debug_ranges)
 .debug_ranges  0x00000000       0x10 main.o

.debug_macro
 *(.debug_macro)
OUTPUT(spi project.elf elf32-avr)
LOAD linker stubs
